[  +10 ms] executing: sysctl hw.optional.arm64
[   +2 ms] Exit code 0 from: sysctl hw.optional.arm64
[        ] hw.optional.arm64: 1
[   +3 ms] Artifact Instance of 'MaterialFonts' is not required, skipping update.
[        ] Artifact Instance of 'GradleWrapper' is not required, skipping update.
[        ] Artifact Instance of 'AndroidGenSnapshotArtifacts' is not required, skipping update.
[        ] Artifact Instance of 'AndroidInternalBuildArtifacts' is not required, skipping update.
[        ] Artifact Instance of 'IOSEngineArtifacts' is not required, skipping update.
[        ] Artifact Instance of 'FlutterWebSdk' is not required, skipping update.
[        ] Artifact Instance of 'LegacyCanvasKitRemover' is not required, skipping update.
[        ] Artifact Instance of 'FlutterSdk' is not required, skipping update.
[        ] Artifact Instance of 'WindowsEngineArtifacts' is not required, skipping update.
[        ] Artifact Instance of 'MacOSEngineArtifacts' is not required, skipping update.
[        ] Artifact Instance of 'LinuxEngineArtifacts' is not required, skipping update.
[        ] Artifact Instance of 'LinuxFuchsiaSDKArtifacts' is not required, skipping update.
[        ] Artifact Instance of 'MacOSFuchsiaSDKArtifacts' is not required, skipping update.
[        ] Artifact Instance of 'FlutterRunnerSDKArtifacts' is not required, skipping update.
[        ] Artifact Instance of 'FlutterRunnerDebugSymbols' is not required, skipping update.
[        ] Artifact Instance of 'IosUsbArtifacts' is not required, skipping update.
[        ] Artifact Instance of 'IosUsbArtifacts' is not required, skipping update.
[        ] Artifact Instance of 'IosUsbArtifacts' is not required, skipping update.
[        ] Artifact Instance of 'IosUsbArtifacts' is not required, skipping update.
[        ] Artifact Instance of 'IosUsbArtifacts' is not required, skipping update.
[        ] Artifact Instance of 'IosUsbArtifacts' is not required, skipping update.
[        ] Artifact Instance of 'FontSubsetArtifacts' is not required, skipping update.
[        ] Artifact Instance of 'PubDependencies' is not required, skipping update.
[        ] executing: [/Users/m.sumithreddy/Downloads/flutter/] git -c log.showSignature=false log HEAD -n 1 --pretty=format:%ad --date=iso
[  +11 ms] Exit code 0 from: git -c log.showSignature=false log HEAD -n 1 --pretty=format:%ad --date=iso
[        ] 2026-02-18 13:54:59 -0800
[  +13 ms] executing: sysctl hw.optional.arm64
[   +3 ms] Exit code 0 from: sysctl hw.optional.arm64
[        ] hw.optional.arm64: 1
[        ] executing: /usr/bin/arch -arm64e xcrun xcodebuild -version
[  +84 ms] Exit code 0 from: /usr/bin/arch -arm64e xcrun xcodebuild -version
[        ] Xcode 26.3
           Build version 17C529
[   +1 ms] executing: /usr/bin/arch -arm64e xcrun xcdevice list --timeout 5
[   +1 ms] Artifact Instance of 'AndroidGenSnapshotArtifacts' is not required, skipping update.
[        ] Artifact Instance of 'AndroidInternalBuildArtifacts' is not required, skipping update.
[        ] Artifact Instance of 'IOSEngineArtifacts' is not required, skipping update.
[        ] Artifact Instance of 'FlutterWebSdk' is not required, skipping update.
[        ] Artifact Instance of 'FlutterEngineStamp' is not required, skipping update.
[        ] Artifact Instance of 'LegacyCanvasKitRemover' is not required, skipping update.
[        ] Artifact Instance of 'WindowsEngineArtifacts' is not required, skipping update.
[        ] Artifact Instance of 'MacOSEngineArtifacts' is not required, skipping update.
[        ] Artifact Instance of 'LinuxEngineArtifacts' is not required, skipping update.
[        ] Artifact Instance of 'LinuxFuchsiaSDKArtifacts' is not required, skipping update.
[        ] Artifact Instance of 'MacOSFuchsiaSDKArtifacts' is not required, skipping update.
[        ] Artifact Instance of 'FlutterRunnerSDKArtifacts' is not required, skipping update.
[        ] Artifact Instance of 'FlutterRunnerDebugSymbols' is not required, skipping update.
[  +24 ms] executing: /Users/m.sumithreddy/Library/Android/sdk/platform-tools/adb devices -l
[        ] executing: /usr/bin/arch -arm64e xcrun xcdevice list --timeout 2
[        ] executing: /usr/bin/arch -arm64e xcrun simctl list devices booted
[ +293 ms] /usr/bin/arch -arm64e xcrun simctl list devices booted iOS --json
[        ] executing: /usr/bin/arch -arm64e xcrun simctl list devices booted iOS --json
[  +26 ms] List of devices attached
[ +272 ms] {
             "devices" : {
               "com.apple.CoreSimulator.SimRuntime.iOS-26-3" : [

               ]
             }
           }
[+2323 ms] [
             {
               "simulator" : true,
               "operatingSystemVersion" : "26.3.1 (23D8133)",
               "available" : true,
               "platform" : "com.apple.platform.iphonesimulator",
               "modelCode" : "iPhone18,3",
               "identifier" : "C36108E5-42A1-49CD-BD09-A8CACC018817",
               "architecture" : "arm64",
               "modelUTI" : "com.apple.com.apple.iphone-17-2",
               "modelName" : "iPhone 17",
               "name" : "iPhone 17",
               "ignored" : false
             },
             {
               "simulator" : true,
               "operatingSystemVersion" : "26.3.1 (23D8133)",
               "available" : true,
               "platform" : "com.apple.platform.iphonesimulator",
               "modelCode" : "iPad16,9",
               "identifier" : "D88D73A4-B881-42CE-8B2C-0D78C99F884F",
               "architecture" : "arm64",
               "modelUTI" : "com.apple.ipad",
               "modelName" : "iPad Air 11-inch (M4)",
               "name" : "iPad Air 11-inch (M4)",
               "ignored" : false
             },
             {
               "simulator" : true,
               "operatingSystemVersion" : "26.3.1 (23D8133)",
               "available" : true,
               "platform" : "com.apple.platform.iphonesimulator",
               "modelCode" : "iPad16,11",
               "identifier" : "B7177CF2-2943-4EF9-A51B-BC86DD31EB30",
               "architecture" : "arm64",
               "modelUTI" : "com.apple.ipad-mini-a17-1",
               "modelName" : "iPad Air 13-inch (M4)",
               "name" : "iPad Air 13-inch (M4)",
               "ignored" : false
             },
             {
               "ignored" : false,
               "modelCode" : "iPhone15,2",
               "simulator" : false,
               "modelName" : "iPhone 14 Pro",
               "operatingSystemVersion" : "26.3.1 (23D8133)",
               "identifier" : "00008120-000448E20293C01E",
               "platform" : "com.apple.platform.iphoneos",
               "architecture" : "arm64e",
               "interface" : "usb",
               "available" : true,
               "name" : "M.SUMITH REDDY’s iPhone",
               "modelUTI" : "com.apple.iphone-14-pro-1"
             },
             {
               "simulator" : true,
               "operatingSystemVersion" : "26.3.1 (23D8133)",
               "available" : true,
               "platform" : "com.apple.platform.iphonesimulator",
               "modelCode" : "iPhone17,5",
               "identifier" : "91E3EC44-E6CE-4CB0-824C-AB69315BF18B",
               "architecture" : "arm64",
               "modelUTI" : "com.apple.iphone-16-e-1",
               "modelName" : "iPhone 16e",
               "name" : "iPhone 16e",
               "ignored" : false
             },
             {
               "simulator" : true,
               "operatingSystemVersion" : "26.3.1 (23D8133)",
               "available" : true,
               "platform" : "com.apple.platform.iphonesimulator",
               "modelCode" : "iPhone18,2",
               "identifier" : "837701BB-EE3C-4F1F-A601-104C9C43D2A8",
               "architecture" : "arm64",
               "modelUTI" : "com.apple.com.apple.iphone-17-pro-max-2",
               "modelName" : "iPhone 17 Pro Max",
               "name" : "iPhone 17 Pro Max",
               "ignored" : false
             },
             {
               "simulator" : true,
               "operatingSystemVersion" : "26.3.1 (23D8133)",
               "available" : true,
               "platform" : "com.apple.platform.iphonesimulator",
               "modelCode" : "iPad17,2",
               "identifier" : "2884A31F-E04B-4899-B919-0A2CD67E2F0F",
               "architecture" : "arm64",
               "modelUTI" : "com.apple.com.apple.ipad-pro-11-inch-m5-1",
               "modelName" : "iPad Pro 11-inch (M5)",
               "name" : "iPad Pro 11-inch (M5)",
               "ignored" : false
             },
             {
               "simulator" : true,
               "operatingSystemVersion" : "26.3.1 (23D8133)",
               "available" : true,
               "platform" : "com.apple.platform.iphonesimulator",
               "modelCode" : "iPhone18,1",
               "identifier" : "474F336E-29FE-40DE-AC45-52D7BE9511B3",
               "architecture" : "arm64",
               "modelUTI" : "com.apple.com.apple.iphone-17-pro-2",
               "modelName" : "iPhone 17 Pro",
               "name" : "iPhone 17 Pro",
               "ignored" : false
             },
             {
               "simulator" : true,
               "operatingSystemVersion" : "26.3.1 (23D8133)",
               "available" : true,
               "platform" : "com.apple.platform.iphonesimulator",
               "modelCode" : "iPad15,5",
               "identifier" : "00F94424-5610-41DD-83D4-F959E5703CC1",
               "architecture" : "arm64",
               "modelUTI" : "com.apple.ipad-air-m3-13-1",
               "modelName" : "iPad Air 13-inch (M3)",
               "name" : "iPad Air 13-inch (M3)",
               "ignored" : false
             },
             {
               "ignored" : false,
               "modelCode" : "iPad12,1",
               "simulator" : false,
               "modelName" : "iPad (9th generation)",
               "error" : {
                 "code" : -27,
                 "failureReason" : "",
                 "description" : "Browsing on the local area network for Shiva Krishna Reddy’s iPad",
                 "recoverySuggestion" : "Ensure the device is unlocked and attached with a cable or associated with the same local area network as this Mac.\nThe device must be opted into Developer Mode to connect wirelessly.",
                 "domain" : "com.apple.dt.deviceprep"
               },
               "operatingSystemVersion" : "26.3 (23D127)",
               "identifier" : "00008030-000A45EC3A60C02E",
               "platform" : "com.apple.platform.iphoneos",
               "architecture" : "arm64e",
               "interface" : "usb",
               "available" : false,
               "name" : "Shiva Krishna Reddy’s iPad",
               "modelUTI" : "com.apple.ipad-9-wifi-1"
             },
             {
               "simulator" : true,
               "operatingSystemVersion" : "26.3.1 (23D8133)",
               "available" : true,
               "platform" : "com.apple.platform.iphonesimulator",
               "modelCode" : "iPad16,2",
               "identifier" : "1FB29C57-3E69-4FD3-B7A6-1E77218BF010",
               "architecture" : "arm64",
               "modelUTI" : "com.apple.ipad-mini-a17-1",
               "modelName" : "iPad mini (A17 Pro)",
               "name" : "iPad mini (A17 Pro)",
               "ignored" : false
             },
             {
               "simulator" : true,
               "operatingSystemVersion" : "26.3.1 (23D8133)",
               "available" : true,
               "platform" : "com.apple.platform.iphonesimulator",
               "modelCode" : "iPad17,4",
               "identifier" : "74320459-35B9-40EF-9B6B-29684DAFCE11",
               "architecture" : "arm64",
               "modelUTI" : "com.apple.com.apple.ipad-pro-13-inch-m5-1",
               "modelName" : "iPad Pro 13-inch (M5)",
               "name" : "iPad Pro 13-inch (M5)",
               "ignored" : false
             },
             {
               "simulator" : true,
               "operatingSystemVersion" : "26.3.1 (23D8133)",
               "available" : true,
               "platform" : "com.apple.platform.iphonesimulator",
               "modelCode" : "iPad15,3",
               "identifier" : "B4372BA7-127F-443C-97B6-06E60044464E",
               "architecture" : "arm64",
               "modelUTI" : "com.apple.ipad-air-m3-1",
               "modelName" : "iPad Air 11-inch (M3)",
               "name" : "iPad Air 11-inch (M3)",
               "ignored" : false
             },
             {
               "ignored" : false,
               "modelCode" : "Mac16,12",
               "simulator" : false,
               "modelName" : "MacBook Air",
               "operatingSystemVersion" : "15.7.4 (24G517)",
               "identifier" : "00008132-0008314022FB801C",
               "platform" : "com.apple.platform.macosx",
               "architecture" : "arm64e",
               "interface" : "usb",
               "available" : true,
               "name" : "My Mac",
               "modelUTI" : "com.apple.macbookair-13-2025"
             },
             {
               "simulator" : true,
               "operatingSystemVersion" : "26.3.1 (23D8133)",
               "available" : true,
               "platform" : "com.apple.platform.iphonesimulator",
               "modelCode" : "iPhone18,5",
               "identifier" : "97BBD7BE-2505-4DC6-B8A7-5FCF0DA48C07",
               "architecture" : "arm64",
               "modelUTI" : "com.apple.iphone-4",
               "modelName" : "iPhone 17e",
               "name" : "iPhone 17e",
               "ignored" : false
             },
             {
               "simulator" : true,
               "operatingSystemVersion" : "26.3.1 (23D8133)",
               "available" : true,
               "platform" : "com.apple.platform.iphonesimulator",
               "modelCode" : "iPhone18,4",
               "identifier" : "848EA5A0-855C-41CA-B14D-E8F865B15BAC",
               "architecture" : "arm64",
               "modelUTI" : "com.apple.com.apple.iphone-air-1",
               "modelName" : "iPhone Air",
               "name" : "iPhone Air",
               "ignored" : false
             },
             {
               "simulator" : true,
               "operatingSystemVersion" : "26.3.1 (23D8133)",
               "available" : true,
               "platform" : "com.apple.platform.iphonesimulator",
               "modelCode" : "iPad15,7",
               "identifier" : "29EDA4A5-06EE-48FB-BBFC-4DC8F2D6F43D",
               "architecture" : "arm64",
               "modelUTI" : "com.apple.ipad-a16-1",
               "modelName" : "iPad (A16)",
               "name" : "iPad (A16)",
               "ignored" : false
             }
           ]
[   +2 ms] executing: /usr/bin/arch -arm64e xcrun devicectl --version
[ +252 ms] executing: /usr/bin/arch -arm64e xcrun devicectl list devices --timeout 5 --json-output /var/folders/77/3kyzjz6s687d9tnychj2wg300000gn/T/flutter_tools.Bwomz9/core_devices.DRyQFF/core_device_list.json
[ +250 ms] {
             "info" : {
               "arguments" : [
                 "devicectl",
                 "list",
                 "devices",
                 "--timeout",
                 "5",
                 "--json-output",
                 "/var/folders/77/3kyzjz6s687d9tnychj2wg300000gn/T/flutter_tools.Bwomz9/core_devices.DRyQFF/core_device_list.json"
               ],
               "commandType" : "devicectl.list.devices",
               "environment" : {
                 "TERM" : "xterm-256color"
               },
               "jsonVersion" : 3,
               "outcome" : "success",
               "version" : "506.8"
             },
             "result" : {
               "devices" : [
                 {
                   "capabilities" : [
                     {
                       "featureIdentifier" : "com.apple.coredevice.feature.acquireusageassertion",
                       "name" : "Acquire Usage Assertion"
                     },
                     {
                       "featureIdentifier" : "com.apple.coredevice.feature.applicationcontrol",
                       "name" : "Application Control"
                     },
                     {
                       "featureIdentifier" : "com.apple.coredevice.feature.capturesysdiagnose",
                       "name" : "Capture Sysdiagnose"
                     },
                     {
                       "featureIdentifier" : "com.apple.dt.serviceconnection.create",
                       "name" : "Create Service Connection"
                     },
                     {
                       "featureIdentifier" : "com.apple.dt.servicesocket.create",
                       "name" : "Create Service Socket"
                     },
                     {
                       "featureIdentifier" : "com.apple.coredevice.feature.disableddiservices",
                       "name" : "Disable Developer Disk Image Services"
                     },
                     {
                       "featureIdentifier" : "com.apple.coredevice.feature.disconnectdevice",
                       "name" : "Disconnect from Device"
                     },
                     {
                       "featureIdentifier" : "com.apple.coredevice.feature.fetchappicons",
                       "name" : "Fetch Application Icons"
                     },
                     {
                       "featureIdentifier" : "com.apple.coredevice.feature.getauthlistingidentifiers",
                       "name" : "Fetch AuthListing Identifiers"
                     },
                     {
                       "featureIdentifier" : "com.apple.coredevice.feature.fetchddimetadata",
                       "name" : "Fetch Developer Disk Image Services Metadata"
                     },
                     {
                       "featureIdentifier" : "com.apple.coredevice.feature.getdeviceinfo",
                       "name" : "Fetch Extended Device Info"
                     },
                     {
                       "featureIdentifier" : "com.apple.coredevice.feature.getdisplayinfo",
                       "name" : "Get Display Information"
                     },
                     {
                       "featureIdentifier" : "com.apple.coredevice.feature.getlockstate",
                       "name" : "Get Lock State"
                     },
                     {
                       "featureIdentifier" : "com.apple.coredevice.feature.installapp",
                       "name" : "Install Application"
                     },
                     {
                       "featureIdentifier" : "com.apple.coredevice.feature.installroot",
                       "name" : "Install Root"
                     },
                     {
                       "featureIdentifier" : "com.apple.coredevice.feature.launchapplication",
                       "name" : "Launch Application"
                     },
                     {
                       "featureIdentifier" : "com.apple.coredevice.feature.listFiles",
                       "name" : "List Files"
                     },
                     {
                       "featureIdentifier" : "com.apple.coredevice.feature.listroots",
                       "name" : "List Roots"
                     },
                     {
                       "featureIdentifier" : "com.apple.coredevice.feature.tags",
                       "name" : "Modify Tags"
                     },
                     {
                       "featureIdentifier" : "com.apple.coredevice.feature.default.user.credentials",
                       "name" : "Modify credentials for default users for a device"
                     },
                     {
                       "featureIdentifier" : "com.apple.coredevice.feature.monitorprocesstermination",
                       "name" : "Monitor Process for Termination"
                     },
                     {
                       "featureIdentifier" : "com.apple.dt.customer.postdarwinnotification",
                       "name" : "Post Darwin Notification"
                     },
                     {
                       "featureIdentifier" : "com.apple.coredevice.feature.processcontrol",
                       "name" : "Process Control"
                     },
                     {
                       "featureIdentifier" : "com.apple.coredevice.feature.querymobilegestalt",
                       "name" : "Query MobileGestalt"
                     },
                     {
                       "featureIdentifier" : "com.apple.coredevice.feature.rebootdevice",
                       "name" : "Reboot Device"
                     },
                     {
                       "featureIdentifier" : "com.apple.coredevice.feature.sendmemorywarningtoprocess",
                       "name" : "Send Memory Warning to Process"
                     },
                     {
                       "featureIdentifier" : "com.apple.coredevice.feature.sendsignaltoprocess",
                       "name" : "Send Signal to Process"
                     },
                     {
                       "featureIdentifier" : "com.apple.dt.profile",
                       "name" : "Service Hub Profile"
                     },
                     {
                       "featureIdentifier" : "com.apple.coredevice.feature.spawnexecutable",
                       "name" : "Spawn Executable"
                     },
                     {
                       "featureIdentifier" : "com.apple.coredevice.feature.streamapplist",
                       "name" : "Stream Application List"
                     },
                     {
                       "featureIdentifier" : "com.apple.coredevice.feature.streamprocesslist",
                       "name" : "Stream Process List"
                     },
                     {
                       "featureIdentifier" : "com.apple.coredevice.feature.transferFiles",
                       "name" : "Transfer Files"
                     },
                     {
                       "featureIdentifier" : "com.apple.coredevice.feature.uninstallapp",
                       "name" : "Uninstall Application"
                     },
                     {
                       "featureIdentifier" : "com.apple.coredevice.feature.uninstallroot",
                       "name" : "Uninstall Root"
                     },
                     {
                       "featureIdentifier" : "com.apple.coredevice.feature.unpairdevice",
                       "name" : "Unpair Device"
                     },
                     {
                       "featureIdentifier" : "com.apple.coredevice.feature.viewdevicescreen",
                       "name" : "View Device Screen"
                     }
                   ],
                   "connectionProperties" : {
                     "authenticationType" : "manualPairing",
                     "isMobileDeviceOnly" : false,
                     "lastConnectionDate" : "2026-03-19T10:37:00.000Z",
                     "localHostnames" : [
                       "MSUMITH-REDDYs-iPhone.coredevice.local",
                       "E0446452-EA83-5141-A93A-06F3F0194C71.coredevice.local",
                       "00008120-000448E20293C01E.coredevice.local"
                     ],
                     "pairingState" : "paired",
                     "potentialHostnames" : [
                       "MSUMITH-REDDYs-iPhone.coredevice.local",
                       "E0446452-EA83-5141-A93A-06F3F0194C71.coredevice.local",
                       "00008120-000448E20293C01E.coredevice.local"
                     ],
                     "transportType" : "wired",
                     "tunnelIPAddress" : "fde2:10ac:84b5::1",
                     "tunnelState" : "connected",
                     "tunnelTransportProtocol" : "tcp"
                   },
                   "deviceProperties" : {
                     "bootState" : "booted",
                     "bootedFromSnapshot" : true,
                     "bootedSnapshotName" : "com.apple.os.update-E1F021D421B270F177B2504CF60A70A3AC4184CF67AB1EE4B1EBA8F9FADFEBCC",
                     "ddiServicesAvailable" : true,
                     "developerModeStatus" : "enabled",
                     "hasInternalOSBuild" : false,
                     "name" : "M.SUMITH REDDY’s iPhone",
                     "osBuildUpdate" : "23D8133",
                     "osVersionNumber" : "26.3.1",
                     "providerSpecificValues" : {
                       "hasAMRestorableDeviceRef" : "true"
                     },
                     "rootFileSystemIsWritable" : false,
                     "screenViewingURL" : "devices://device/open?id=E0446452-EA83-5141-A93A-06F3F0194C71",
                     "supportsCheckedAllocations" : false
                   },
                   "hardwareProperties" : {
                     "cpuType" : {
                       "name" : "arm64e",
                       "subType" : 2,
                       "type" : 16777228
                     },
                     "deviceType" : "iPhone",
                     "ecid" : 1206035449888798,
                     "hardwareModel" : "D73AP",
                     "internalStorageCapacity" : 128000000000,
                     "isProductionFused" : true,
                     "marketingName" : "iPhone 14 Pro",
                     "platform" : "iOS",
                     "productType" : "iPhone15,2",
                     "reality" : "physical",
                     "serialNumber" : "CFQ2FK60FM",
                     "supportedCPUTypes" : [
                       {
                         "name" : "arm64e",
                         "subType" : 2,
                         "type" : 16777228
                       },
                       {
                         "name" : "arm64",
                         "subType" : 0,
                         "type" : 16777228
                       }
                     ],
                     "supportedDeviceFamilies" : [
                       1
                     ],
                     "thinningProductType" : "iPhone15,2",
                     "udid" : "00008120-000448E20293C01E"
                   },
                   "identifier" : "E0446452-EA83-5141-A93A-06F3F0194C71",
                   "tags" : [

                   ],
                   "visibilityClass" : "default"
                 },
                 {
                   "capabilities" : [
                     {
                       "featureIdentifier" : "com.apple.coredevice.feature.tags",
                       "name" : "Modify Tags"
                     },
                     {
                       "featureIdentifier" : "com.apple.coredevice.feature.default.user.credentials",
                       "name" : "Modify credentials for default users for a device"
                     },
                     {
                       "featureIdentifier" : "com.apple.coredevice.feature.unpairdevice",
                       "name" : "Unpair Device"
                     }
                   ],
                   "connectionProperties" : {
                     "authenticationType" : "manualPairing",
                     "isMobileDeviceOnly" : false,
                     "lastConnectionDate" : "2026-03-15T15:52:00.000Z",
                     "pairingState" : "paired",
                     "potentialHostnames" : [
                       "Shiva-Krishna-Reddys-iPad.coredevice.local",
                       "09B28D85-DC26-58EE-AA46-12B7487CBC3F.coredevice.local",
                       "00008030-000A45EC3A60C02E.coredevice.local"
                     ],
                     "tunnelState" : "unavailable"
                   },
                   "deviceProperties" : {
                     "bootedFromSnapshot" : true,
                     "bootedSnapshotName" : "com.apple.os.update-618F81BD091012CADDCFFF16B10F59DF64F128369982BC71D21DA5CADEDB7057",
                     "ddiServicesAvailable" : false,
                     "developerModeStatus" : "enabled",
                     "hasInternalOSBuild" : false,
                     "name" : "Shiva Krishna Reddy’s iPad",
                     "osBuildUpdate" : "23D127",
                     "osVersionNumber" : "26.3",
                     "rootFileSystemIsWritable" : false,
                     "supportsCheckedAllocations" : false
                   },
                   "hardwareProperties" : {
                     "cpuType" : {
                       "name" : "arm64e",
                       "subType" : 2,
                       "type" : 16777228
                     },
                     "deviceType" : "iPad",
                     "ecid" : 2891630661124142,
                     "hardwareModel" : "J181AP",
                     "internalStorageCapacity" : 64000000000,
                     "isProductionFused" : true,
                     "marketingName" : "iPad (9th generation)",
                     "platform" : "iOS",
                     "productType" : "iPad12,1",
                     "reality" : "physical",
                     "serialNumber" : "G73G6KVKJQ",
                     "supportedCPUTypes" : [
                       {
                         "name" : "arm64e",
                         "subType" : 2,
                         "type" : 16777228
                       },
                       {
                         "name" : "arm64",
                         "subType" : 0,
                         "type" : 16777228
                       }
                     ],
                     "supportedDeviceFamilies" : [
                       1,
                       2
                     ],
                     "thinningProductType" : "iPad12,1",
                     "udid" : "00008030-000A45EC3A60C02E"
                   },
                   "identifier" : "09B28D85-DC26-58EE-AA46-12B7487CBC3F",
                   "tags" : [

                   ],
                   "visibilityClass" : "default"
                 }
               ]
             }
           }

[   +4 ms] Error: Browsing on the local area network for Shiva Krishna Reddy’s iPad. Ensure the device is unlocked and attached with a cable or associated with the same local area network as this Mac.
           The device must be opted into Developer Mode to connect wirelessly. (code -27)
[   +1 ms] Artifact Instance of 'AndroidGenSnapshotArtifacts' is not required, skipping update.
[        ] Artifact Instance of 'AndroidInternalBuildArtifacts' is not required, skipping update.
[        ] Artifact Instance of 'FlutterWebSdk' is not required, skipping update.
[        ] Artifact Instance of 'FlutterEngineStamp' is not required, skipping update.
[        ] Artifact Instance of 'LegacyCanvasKitRemover' is not required, skipping update.
[        ] Artifact Instance of 'WindowsEngineArtifacts' is not required, skipping update.
[        ] Artifact Instance of 'MacOSEngineArtifacts' is not required, skipping update.
[        ] Artifact Instance of 'LinuxEngineArtifacts' is not required, skipping update.
[        ] Artifact Instance of 'LinuxFuchsiaSDKArtifacts' is not required, skipping update.
[        ] Artifact Instance of 'MacOSFuchsiaSDKArtifacts' is not required, skipping update.
[        ] Artifact Instance of 'FlutterRunnerSDKArtifacts' is not required, skipping update.
[        ] Artifact Instance of 'FlutterRunnerDebugSymbols' is not required, skipping update.
[   +6 ms] "flutter run" took 3,558ms.
[   +2 ms] executing: sw_vers -productName
[   +7 ms] Exit code 0 from: sw_vers -productName
[        ] macOS
[        ] executing: sw_vers -productVersion
[   +6 ms] Exit code 0 from: sw_vers -productVersion
[        ] 15.7.4
[        ] executing: sw_vers -buildVersion
[   +6 ms] Exit code 0 from: sw_vers -buildVersion
[        ] 24G517
[        ] executing: uname -m
[   +2 ms] Exit code 0 from: uname -m
[        ] arm64
[  +25 ms] Error: No pubspec.yaml file found.
           This command should be run from the root of your Flutter project.
[        ] 
           #0      throwToolExit (package:flutter_tools/src/base/common.dart:34:3)
           #1      FlutterCommand.validateCommand (package:flutter_tools/src/runner/flutter_command.dart:2031:9)
           #2      RunCommand.validateCommand (package:flutter_tools/src/commands/run.dart:668:19)
           #3      FlutterCommand.verifyThenRunCommand (package:flutter_tools/src/runner/flutter_command.dart:1912:11)
           <asynchronous suspension>
           #4      FlutterCommand.run.<anonymous closure> (package:flutter_tools/src/runner/flutter_command.dart:1590:27)
           <asynchronous suspension>
           #5      AppContext.run.<anonymous closure> (package:flutter_tools/src/base/context.dart:154:19)
           <asynchronous suspension>
           #6      CommandRunner.runCommand (package:args/command_runner.dart:212:13)
           <asynchronous suspension>
           #7      FlutterCommandRunner.runCommand.<anonymous closure> (package:flutter_tools/src/runner/flutter_command_runner.dart:496:9)
           <asynchronous suspension>
           #8      AppContext.run.<anonymous closure> (package:flutter_tools/src/base/context.dart:154:19)
           <asynchronous suspension>
           #9      FlutterCommandRunner.runCommand (package:flutter_tools/src/runner/flutter_command_runner.dart:431:5)
           <asynchronous suspension>
           #10     FlutterCommandRunner.run.<anonymous closure> (package:flutter_tools/src/runner/flutter_command_runner.dart:307:33)
           <asynchronous suspension>
           #11     run.<anonymous closure>.<anonymous closure> (package:flutter_tools/runner.dart:104:11)
           <asynchronous suspension>
           #12     AppContext.run.<anonymous closure> (package:flutter_tools/src/base/context.dart:154:19)
           <asynchronous suspension>
           #13     main (package:flutter_tools/executable.dart:103:3)
           <asynchronous suspension>


[        ] Running 3 shutdown hooks
[        ] Shutdown hooks complete
[ +254 ms] exiting with code 1
